// Jest Snapshot v1, https://goo.gl/fbAQLP

exports[`Result component tests Match chart snapshot 1`] = `undefined`;
